main.c:237:6:SystemClock_Config	8	static,ignoring_inline_asm
main.c:340:6:set_dc_state	8	static
main.c:353:6:reset_lcd	8	static
main.c:362:6:spi_tx	0	static
main.c:370:6:clear_screen	0	static
main.c:382:6:send_char	0	static
main.c:486:6:send_hex	0	static
main.c:493:6:send_str	0	static
main.c:501:6:set_init_configs	8	static
main.c:522:6:print_str	8	static
main.c:540:6:aht20_init_parms	0	static
main.c:557:5:check_calibration_enable_bit	32	static
main.c:586:5:send_init_command	24	static
main.c:608:5:send_measurment_command	16	static
main.c:625:5:read_hum_temp_data	24	static
main.c:641:5:read_measurment_status	40	static
main.c:138:5:main	56	static,ignoring_inline_asm
main.c:683:6:Error_Handler	0	static,ignoring_inline_asm
