stm32f1xx_ll_rcc.h:840:22:LL_RCC_HSI_Enable	4	static
stm32f1xx_ll_rcc.h:860:26:LL_RCC_HSI_IsReady	4	static
stm32f1xx_ll_rcc.h:886:22:LL_RCC_HSI_SetCalibTrimming	16	static
stm32f1xx_ll_rcc.h:1014:22:LL_RCC_SetSysClkSource	16	static
stm32f1xx_ll_rcc.h:1027:26:LL_RCC_GetSysClkSource	4	static
stm32f1xx_ll_rcc.h:1047:22:LL_RCC_SetAHBPrescaler	16	static
stm32f1xx_ll_rcc.h:1063:22:LL_RCC_SetAPB1Prescaler	16	static
stm32f1xx_ll_rcc.h:1079:22:LL_RCC_SetAPB2Prescaler	16	static
stm32f1xx_ll_bus.h:763:22:LL_APB2_GRP1_EnableClock	24	static
stm32f1xx_ll_system.h:470:22:LL_FLASH_SetLatency	16	static
stm32f1xx_ll_system.h:483:26:LL_FLASH_GetLatency	4	static
stm32f1xx_ll_gpio.h:804:22:LL_GPIO_SetOutputPin	16	static
stm32f1xx_ll_gpio.h:833:22:LL_GPIO_ResetOutputPin	16	static
main.c:138:5:main	56	static
main.c:237:6:SystemClock_Config	8	static
main.c:275:13:MX_I2C1_Init	8	static
main.c:309:13:MX_GPIO_Init	32	static
main.c:340:6:set_dc_state	16	static
main.c:353:6:reset_lcd	8	static
main.c:362:6:spi_tx	16	static
main.c:370:6:clear_screen	16	static
main.c:382:6:send_char	16	static
main.c:486:6:send_hex	16	static
main.c:493:6:send_str	24	static
main.c:501:6:set_init_configs	8	static
main.c:522:6:print_str	24	static
main.c:540:6:aht20_init_parms	4	static
main.c:557:5:check_calibration_enable_bit	24	static
main.c:586:5:send_init_command	24	static
main.c:608:5:send_measurment_command	24	static
main.c:625:5:read_hum_temp_data	40	static
main.c:641:5:read_measurment_status	32	static
main.c:683:6:Error_Handler	4	static,ignoring_inline_asm
